%!Adobe-FontList 1.14
%Locale:0x40c

%BeginFont
Handler:DirectoryHandler
FontType:Invalid
OutlineFileName:D:\Users\Marc\Dropbox\DynARClient\Assets\UI\Font\titillium-32.prefab
FileModTime:1393780197
%EndFont

%BeginFont
Handler:DirectoryHandler
FontType:Invalid
OutlineFileName:D:\Users\Marc\Dropbox\DynARClient\Assets\UI\Font\titillium-32.prefab.meta
FileModTime:1393776448
%EndFont

%BeginFont
Handler:DirectoryHandler
FontType:Invalid
OutlineFileName:D:\Users\Marc\Dropbox\DynARClient\Assets\UI\Font\titillium-64.prefab
FileModTime:1393780206
%EndFont

%BeginFont
Handler:DirectoryHandler
FontType:Invalid
OutlineFileName:D:\Users\Marc\Dropbox\DynARClient\Assets\UI\Font\titillium-64.prefab.meta
FileModTime:1393780197
%EndFont

%BeginFont
Handler:DirectoryHandler
FontType:TrueType
FontName:Titillium-Regular
FamilyName:Titillium
StyleName:Regular
FullName:Titillium Regular
MenuName:Titillium
StyleBits:0
WritingScript:Roman
OutlineFileName:D:\Users\Marc\Dropbox\DynARClient\Assets\UI\Font\titillium-regular-webfont.ttf
DataFormat:sfntData
FileLength:42248
FileModTime:1393776434
WeightClass:400
WidthClass:5
AngleClass:0
%EndFont

%BeginFont
Handler:DirectoryHandler
FontType:Invalid
OutlineFileName:D:\Users\Marc\Dropbox\DynARClient\Assets\UI\Font\titillium-regular-webfont.ttf.meta
FileModTime:1393780153
%EndFont

%BeginFont
Handler:DirectoryHandler
FontType:TrueType
FontName:TitilliumWeb-Bold
FamilyName:Titillium Web
StyleName:Bold
FullName:Titillium WebBold
MenuName:Titillium Web
StyleBits:2
WritingScript:Roman
OutlineFileName:D:\Users\Marc\Dropbox\DynARClient\Assets\UI\Font\TitilliumWeb-Bold.ttf
DataFormat:sfntData
FileLength:59908
FileModTime:1393788184
WeightClass:700
WidthClass:5
AngleClass:0
%EndFont

%BeginFont
Handler:DirectoryHandler
FontType:Invalid
OutlineFileName:D:\Users\Marc\Dropbox\DynARClient\Assets\UI\Font\TitilliumWeb-Bold.ttf.meta
FileModTime:1393788358
%EndFont

%BeginFont
Handler:DirectoryHandler
FontType:Invalid
OutlineFileName:D:\Users\Marc\Dropbox\DynARClient\Assets\UI\Font\TitilliumWeb-Light.prefab
FileModTime:1393788406
%EndFont

%BeginFont
Handler:DirectoryHandler
FontType:Invalid
OutlineFileName:D:\Users\Marc\Dropbox\DynARClient\Assets\UI\Font\TitilliumWeb-Light.prefab.meta
FileModTime:1393788406
%EndFont

%BeginFont
Handler:DirectoryHandler
FontType:TrueType
FontName:TitilliumWeb-Light
FamilyName:Titillium Web
StyleName:Light
FullName:Titillium WebLight
MenuName:Titillium Web
StyleBits:0
WritingScript:Roman
OutlineFileName:D:\Users\Marc\Dropbox\DynARClient\Assets\UI\Font\TitilliumWeb-Light.ttf
DataFormat:sfntData
FileLength:64032
FileModTime:1393788185
WeightClass:300
WidthClass:5
AngleClass:0
%EndFont

%BeginFont
Handler:DirectoryHandler
FontType:Invalid
OutlineFileName:D:\Users\Marc\Dropbox\DynARClient\Assets\UI\Font\TitilliumWeb-Light.ttf.meta
FileModTime:1393788422
%EndFont

